C:\operation-greenfield\depot_tools\autoninja.bat : offline mode
At line:1 char:1
+ C:\operation-greenfield\depot_tools\autoninja.bat -C src\out\AgentDeb ...
+ ~~~~~~~~~~~~~~~~~~~~~~~~~~~~~~~~~~~~~~~~~~~~~~~~~~~~~~~~~~~~~~~~~~~~~
    + CategoryInfo          : NotSpecified: (offline mode:String) [], RemoteException
    + FullyQualifiedErrorId : NativeCommandError
 
ninja: Entering directory `src\out\AgentDebug'


exec_root=C:\operation-greenfield\neural-chromium\src dir=out\AgentDebug
loading fs state done 3.8562084s
loading/recompacting deps log done 0s
schedule pending:1+ready:0 (node:70399 edge:2)

build start: Ready 1 Pending 1
rebuild manifest finished	

load siso config done 899.2298ms
load build.ninja done 12.6228214s
schedule pending:1+ready:0 (node:356185 edge:2)

build start: Ready 1 Pending 1
rebuild manifest finished	
schedule pending:1+ready:0 (node:356185 edge:2)

build start: Ready 2938 Pending 19399
[0/1] 19.90s S CXX obj/chrome/browser/ui/ui/agent_audio_stream.obj
[0/1] 25.08s F CXX obj/chrome/browser/ui/ui/agent_audio_stream.obj	
FAILED: e6bf0be3-a7c6-4b55-94ac-1ab13b38e9d3 "./obj/chrome/browser/ui/ui/agent_audio_stream.obj" CXX obj/chrome/browser/ui/ui/agent_audio_stream.obj
err: exit=1
..\..\third_party\llvm-build\Release+Asserts\bin\clang-cl.exe /c ../../chrome/browser/ui/agent_command_manager/agent_audio_stream.cc /Foobj/chrome/browser/ui/ui/agent_audio_stream.obj /nologo /showIncludes:user "-imsvc../../../../../Program Files/Microsoft Visual Studio/18/Community/VC/Tools/MSVC/14.50.35717/include" "-imsvc../../../../../Program Files/Microsoft Visual Studio/18/Community/VC/Tools/MSVC/14.50.35717/atlmfc/include" "-imsvc../../../../../Program Files (x86)/Windows Kits/10/Include/10.0.26100.0/ucrt" "-imsvc../../../../../Program Files (x86)/Windows Kits/10/Include/10.0.26100.0/shared" "-imsvc../../../../../Program Files (x86)/Windows Kits/10/Include/10.0.26100.0/um" "-imsvc../../../../../Program Files (x86)/Windows Kits/10/Include/10.0.26100.0/winrt" "-imsvc../../../../../Program Files (x86)/Windows Kits/10/Include/10.0.26100.0/cppwinrt" -D_HAS_NODISCARD -D_CRT_NONSTDC_NO_WARNINGS -D_WINSOCK_DEPRECATED_NO_WARNINGS "-DCR_CLANG_REVISION=\"llvmorg-22-init-20115-g2a8be8bd-1\"" -DCOMPONENT_BUILD -D_LIBCPP_HARDENING_MODE=_LIBCPP_HARDENING_MODE_EXTENSIVE -D_LIBCPP_INSTRUMENTED_WITH_ASAN=0 -DCR_LIBCXX_REVISION=7ab65651aed6802d2599dcb7a73b1f82d5179d05 -D__STD_C -D_CRT_RAND_S -D_CRT_SECURE_NO_DEPRECATE -D_SCL_SECURE_NO_DEPRECATE -D_ATL_NO_OPENGL -D_WINDOWS -DCERT_CHAIN_PARA_HAS_EXTRA_FIELDS -DPSAPI_VERSION=2 -DWIN32 -D_SECURE_ATL -DWINAPI_FAMILY=WINAPI_FAMILY_DESKTOP_APP -DDCHECK_ALWAYS_ON=1 -DUSE_AURA=1 -DWIN32_LEAN_AND_MEAN -DNOMINMAX -D_UNICODE -DUNICODE -DNTDDI_VERSION=NTDDI_WIN11_GE -D_WIN32_WINNT=0x0A00 -DWINVER=0x0A00 -D_DEBUG -DDYNAMIC_ANNOTATIONS_ENABLED=1 -DSK_ENABLE_SKSL -DSK_UNTIL_CRBUG_1187654_IS_FIXED "-DSK_USER_CONFIG_HEADER=\"../../skia/config/SkUserConfig.h\"" -DSK_WIN_FONTMGR_NO_SIMULATIONS -DSK_CODEC_DECODES_PNG -DSK_CODEC_DECODES_PNG_WITH_RUST -DSK_CODEC_ENCODES_PNG -DSK_CODEC_ENCODES_PNG_WITH_RUST -DSK_CODEC_DECODES_BMP_WITH_RUST -DSK_CODEC_DECODES_JPEG -DSK_CODEC_ENCODES_JPEG -DSKIA_DLL -DGR_GL_FUNCTION_TYPE=__stdcall -DSK_GAMMA_SRGB -DSK_GAMMA_CONTRAST=1.0 -DSK_GANESH "-DSK_GPU_WORKAROUNDS_HEADER=\"gpu/config/gpu_driver_bug_workaround_autogen.h\"" -DSK_GL -DSK_GRAPHITE -DSK_DAWN -DSKCMS_DLL=1 -DCHROMIUM -DLIBYUV_DISABLE_NEON -DLIBYUV_DISABLE_SVE -DLIBYUV_DISABLE_SME -DLIBYUV_DISABLE_LSX -DLIBYUV_DISABLE_LASX -D_WTL_NO_AUTOMATIC_NAMESPACE -DTOOLKIT_VIEWS=1 -DON_FOCUS_PING_ENABLED -DGOOGLE_PROTOBUF_NO_RTTI -DPROTOBUF_INTERNAL_BOUNDS_CHECK_MODE_ABORT -DPROTOBUF_USE_DLLS -DABSL_CONSUME_DLL -DABSL_FLAGS_STRIP_NAMES=0 -DBORINGSSL_SHARED_LIBRARY -DU_USING_ICU_NAMESPACE=0 -DU_ENABLE_DYLOAD=0 -DUSE_CHROMIUM_ICU=1 -DU_ENABLE_TRACING=1 -DU_ENABLE_RESOURCE_TRACING=0 -DICU_UTIL_DATA_IMPL=ICU_UTIL_DATA_FILE -DWGPU_SHARED_LIBRARY -DSKCMS_IMPLEMENTATION=1 -DCRASHPAD_ZLIB_SOURCE_EXTERNAL -DPROTOBUF_ENABLE_DEBUG_LOGGING_MAY_LEAK_PII=0 -DWEBRTC_ENABLE_SYMBOL_EXPORT -DWEBRTC_ENABLE_AVX2 -DRTC_ENABLE_WIN_WGC -DWEBRTC_CHROMIUM_BUILD -DWEBRTC_WIN -DABSL_ALLOCATOR_NOTHROW=1 -DLOGGING_INSIDE_WEBRTC -DLEVELDB_PLATFORM_CHROMIUM=1 -DLEVELDB_SHARED_LIBRARY -DV8_USE_EXTERNAL_STARTUP_DATA -DUSING_V8_SHARED -DUSING_V8_SHARED_PRIVATE -DV8_ARRAY_BUFFER_INTERNAL_FIELD_COUNT=0 -DV8_ARRAY_BUFFER_VIEW_INTERNAL_FIELD_COUNT=0 -DV8_PROMISE_INTERNAL_FIELD_COUNT=0 -DV8_USE_DEFAULT_HASHER_SECRET=true -DV8_ENABLE_CHECKS -DV8_ENABLE_MEMORY_ACCOUNTING_CHECKS -DV8_COMPRESS_POINTERS -DV8_COMPRESS_POINTERS_IN_SHARED_CAGE -DV8_31BIT_SMIS_ON_64BIT_ARCH -DV8_ENABLE_SANDBOX -DV8_DEPRECATION_WARNINGS -DV8_USE_PERFETTO -DV8_USE_PERFETTO_JSON_EXPORT -DV8_HAVE_TARGET_OS -DV8_TARGET_OS_WIN -DCPPGC_ENABLE_API_CHECKS -DCPPGC_CAGED_HEAP -DCPPGC_YOUNG_GENERATION -DCPPGC_POINTER_COMPRESSION -DCPPGC_ENABLE_LARGER_CAGE -DCPPGC_SLIM_WRITE_BARRIER -DFLATBUFFERS_LOCALE_INDEPENDENT=0 -DTFL_STATIC_LIBRARY_BUILD -DTF_MAJOR_VERSION=2 -DTF_MINOR_VERSION=21 -DTF_PATCH_VERSION=0 -DTF_VERSION_SUFFIX= -DEIGEN_MPL2_ONLY -DEIGEN_MAX_ALIGN_BYTES=64 -DEIGEN_HAS_TYPE_TRAITS=0 "-DI18N_ADDRESS_VALIDATION_DATA_URL=\"https://chromium-i18n.appspot.com/ssl-aggregate-address/\"" -DVR_USE_COMMAND_BUFFER -DGL_GLEXT_PROTOTYPES -DI18N_PHONENUMBERS_USE_ICU_REGEXP=1 -DI18N_PHONENUMBERS_USE_ALTERNATE_FORMATS=1 -DI18N_PHONENUMBERS_NO_THREAD_SAFETY=1 -I../.. -Igen -I../../buildtools/third_party/libc++ -I../../third_party/perfetto/include -Igen/third_party/perfetto/build_config -Igen/third_party/perfetto -I../../third_party/skia -Igen/third_party/skia -I../../third_party/wuffs/src/release/c -Igen/third_party/dawn/include -I../../third_party/dawn/include -I../../net/third_party/quiche/overrides -I../../net/third_party/quiche/src/quiche/common/platform/default -I../../net/third_party/quiche/src -I../../third_party/khronos -I../../gpu -I../../third_party/libyuv/include -Igen/third_party/private_membership/src -Igen/third_party/shell-encryption/src -Igen/components/policy/proto -I../../third_party/wtl/include -I../../third_party/protobuf/src -I../../third_party/abseil-cpp -I../../base/allocator/partition_allocator/src -Igen/base/allocator/partition_allocator/src -I../../third_party/boringssl/src/include -I../../third_party/ipcz/include -I../../third_party/ced/src -I../../third_party/icu/source/common -I../../third_party/icu/source/i18n -Igen/components/reporting/proto/synced -Igen/net/third_party/quiche/src -I../../third_party/re2/src -Igen/third_party/metrics_proto -I../../third_party/crashpad/crashpad -I../../third_party/crashpad/crashpad/compat/win -I../../third_party/zlib -I../../third_party/webrtc_overrides -I../../third_party/webrtc -Igen/third_party/webrtc -I../../third_party/leveldatabase -I../../third_party/leveldatabase/src -I../../third_party/leveldatabase/src/include -I../../third_party/libwebm/source -I../../third_party/angle/include -I../../third_party/libaom/source/libaom -I../../third_party/libaom/source/config/win/x64 -I../../v8/include -I../../third_party/flatbuffers/src/include -I../../third_party/flatbuffers/src/src -I../../third_party/flatbuffers/src -I../../third_party/flatbuffers/generated -Igen/third_party/tflite/src -I../../third_party/tflite/shims -I../../third_party/tflite/src -I../../third_party/tflite/src/third_party/xla -I../../third_party/tflite/src/third_party/xla/third_party/tsl -I../../third_party/pthreadpool/src/include -I../../third_party/eigen3/src -I../../third_party/gemmlowp/src -I../../third_party/neon_2_sse/src -I../../third_party/ruy/src -I../../third_party/tflite_support/src -I../../third_party/tflite_support/src/tensorflow_lite_support -Igen/third_party/tflite_support/src -I../../third_party/libaddressinput/src/cpp/include -Igen/third_party/federated_compute/src -Igen/third_party/oak/chromium -I../../third_party/brotli/include -I../../third_party/federated_compute/chromium -I../../third_party/federated_compute/src -I../../third_party/libphonenumber/dist/cpp/src -Igen/third_party/libphonenumber /W4 -Wimplicit-fallthrough -Wextra-semi -Wunreachable-code-aggressive -Wgnu -Wno-gnu-anonymous-struct -Wno-gnu-conditional-omitted-operand -Wno-gnu-include-next -Wno-gnu-label-as-value -Wno-gnu-redeclared-enum -Wno-gnu-statement-expression -Wno-gnu-zero-variadic-macro-arguments -Wno-zero-length-array -Wthread-safety -Wno-missing-field-initializers -Wno-unused-parameter -Wno-psabi -Wloop-analysis -Wno-unneeded-internal-declaration -Wno-cast-function-type -Wno-thread-safety-reference-return -Wno-nontrivial-memcall -Wno-uninitialized-const-pointer -Wno-nonportable-include-path -Wexit-time-destructors -Wshadow /WX -fno-delete-null-pointer-checks /clang:-fno-strict-overflow -fno-ident /clang:-fno-math-errno -fcolor-diagnostics -fmerge-all-constants -fcrash-diagnostics-dir=../clang-crashreports -mllvm -instcombine-lower-dbg-declare=0 -mllvm -split-threshold-for-reg-with-hint=0 /clang:-ffp-contract=off -fcomplete-member-pointers /Gy /FS /bigobj /utf-8 /Zc:twoPhase -ffile-reproducible /D__WRL_ENABLE_FUNCTION_STATICS__ -fmsc-version=1934 /Zc:dllexportInlines- -m64 -msse3 /Brepro -Wno-builtin-macro-redefined -D__DATE__= -D__TIME__= -D__TIMESTAMP__= -ffile-compilation-dir=. -no-canonical-prefixes --warning-suppression-mappings=../../build/config/warning_suppression.txt -ftrivial-auto-var-init=pattern /Od /Ob0 /GF -gno-codeview-command-line -gcodeview-ghash -gline-tables-only -fsanitize=array-bounds -fsanitize-trap=array-bounds /guard:cf,nochecks /MDd -Wheader-hygiene -Wstring-conversion -Wtautological-overlap-compare -Xclang -add-plugin -Xclang find-bad-constructs -Xclang -plugin-arg-find-bad-constructs -Xclang check-stack-allocated -Xclang -add-plugin -Xclang raw-ptr-plugin -Xclang -plugin-arg-raw-ptr-plugin -Xclang check-raw-ptr-to-stack-allocated -Xclang -plugin-arg-raw-ptr-plugin -Xclang disable-check-raw-ptr-to-stack-allocated-error -Xclang -plugin-arg-raw-ptr-plugin -Xclang raw-ptr-exclude-path=../../third_party/dawn/ -Xclang -plugin-arg-raw-ptr-plugin -Xclang raw-ptr-exclude-path=../../build/config/clang/chrome/test/fuzzing/webidl_fuzzing/ -Xclang -plugin-arg-raw-ptr-plugin -Xclang check-raw-ptr-fields -Xclang -plugin-arg-raw-ptr-plugin -Xclang check-span-fields -Xclang -plugin-arg-raw-ptr-plugin -Xclang check-raw-ref-fields -Xclang -plugin-arg-raw-ptr-plugin -Xclang no-special-treatment-for-oilpanized-paths /FIbuild/precompile.h -Wno-null-pointer-subtraction -Wno-constant-conversion -Wno-shorten-64-to-32 -Wno-deprecated-declarations -Wno-gnu-inline-cpp-without-extern /TP /Fpobj/chrome/browser/ui/ui_cc.pch /Yubuild/precompile.h -Wno-invalid-offsetof -Wenum-compare-conditional -Wno-nullability-completeness -Wunique-object-duplication /std:c++23preview -Wno-trigraphs /GR- -I../../third_party/libc++/src/include -Wno-thread-safety  /Fd"obj/chrome/browser/ui/ui_cc.pdb"
build step: cxx "./obj/chrome/browser/ui/ui/agent_audio_stream.obj"
stderr:
../../chrome/browser/ui/agent_command_manager/agent_audio_stream.cc(27,23): error: 'GetInputStreamParameters' is a protected member of 'media::AudioManager'
   27 |       audio_manager_->GetInputStreamParameters(device_id);
      |                       ^
../..\media/audio/audio_manager.h(239,27): note: declared protected here
  239 |   virtual AudioParameters GetInputStreamParameters(
      |                           ^
In file included from ../../chrome/browser/ui/agent_command_manager/agent_audio_stream.cc:1:
../..\chrome/browser/ui/agent_command_manager/agent_audio_stream.h(37,24): error: [chromium-rawptr] Use raw_ptr<T> instead of a raw pointer.
   37 |   media::AudioManager* audio_manager_ = nullptr;
      |                        ^
../..\chrome/browser/ui/agent_command_manager/agent_audio_stream.h(38,28): error: [chromium-rawptr] Use raw_ptr<T> instead of a raw pointer.
   38 |   media::AudioInputStream* input_stream_ = nullptr;
      |                            ^
3 errors generated.


build failed	

	
local:1 remote:0 cache:0 cache-write:0(err:0) fallback:0 retry:0 skip:22336
fs: ops: 6931(err:7) / r:2216(err:0) 6.57MiB / w:0(err:0) 0B


shutdown cloud logging/monitoring done 0s

25.10s Build Failure: 1 done, 1 failed, 0 remaining - 0.04/s
 1 steps failed: exit=1
see .\src\out\AgentDebug\siso_output for full command line and output
 or C:\Users\senti\AppData\Local\Temp\siso.exe.minne2.senti.log.INFO.20260128-141217.17900
use .\src\out\AgentDebug\siso_failed_commands.bat to re-run failed commands
