Testing Neural-Chromium connection...
[*] Connecting to NeuralService at localhost:50052...
python : Traceback (most 
recent call last):
At line:1 char:1
+ python 
src/test_connection.py > 
test_output.txt 2>&1; 
Get-Content tes ...
+ ~~~~~~~~~~~~~~~~~~~~~~~~~~~
~~~~~~~~~~~~~~~~~~~~~~~~~
    + CategoryInfo           
   : NotSpecified: (Traceba  
  ck (most recent call las   
 t)::String) [], RemoteEx    
ception
    + FullyQualifiedErrorId  
   : NativeCommandError
 
  File "C:\operation-greenfie
ld\neural-chromium\src\test_c
onnection.py", line 17, in 
test_connection
    print("\u2705 Connected 
to gRPC server")
    ~~~~~^^^^^^^^^^^^^^^^^^^^
^^^^^^^^^^^
  File "C:\Users\senti\AppDat
a\Local\Python\pythoncore-3.1
4-64\Lib\encodings\cp1252.py"
, line 19, in encode
    return codecs.charmap_enc
ode(input,self.errors,encodin
g_table)[0]
           ~~~~~~~~~~~~~~~~~~
~~~^^^^^^^^^^^^^^^^^^^^^^^^^^
^^^^^^^^
UnicodeEncodeError: 
'charmap' codec can't encode 
character '\u2705' in 
position 0: character maps 
to <undefined>

During handling of the above 
exception, another exception 
occurred:

Traceback (most recent call 
last):
  File "C:\operation-greenfie
ld\neural-chromium\src\test_c
onnection.py", line 60, in 
<module>
    success = 
test_connection()
  File "C:\operation-greenfie
ld\neural-chromium\src\test_c
onnection.py", line 54, in 
test_connection
    print(f"\n\u274c Error: 
{e}")
    ~~~~~^^^^^^^^^^^^^^^^^^^^
  File "C:\Users\senti\AppDat
a\Local\Python\pythoncore-3.1
4-64\Lib\encodings\cp1252.py"
, line 19, in encode
    return codecs.charmap_enc
ode(input,self.errors,encodin
g_table)[0]
           ~~~~~~~~~~~~~~~~~~
~~~^^^^^^^^^^^^^^^^^^^^^^^^^^
^^^^^^^^
UnicodeEncodeError: 
'charmap' codec can't encode 
character '\u274c' in 
position 2: character maps 
to <undefined>
